.next/types/app/api/qr/[shortId]/route.ts(49,7): error TS2344: Type '{ __tag__: "GET"; __param_position__: "second"; __param_type__: { params: { shortId: string; }; }; }' does not satisfy the constraint 'ParamCheck<RouteContext>'.
  The types of '__param_type__.params' are incompatible between these types.
    Type '{ shortId: string; }' is missing the following properties from type 'Promise<any>': then, catch, finally, [Symbol.toStringTag]
.next/types/validator.ts(63,31): error TS2344: Type 'typeof import("C:/Users/Basudev/Desktop/DEV_Projects/QuickQR/app/api/qr/[shortId]/route")' does not satisfy the constraint 'RouteHandlerConfig<"/api/qr/[shortId]">'.
  Types of property 'GET' are incompatible.
    Type '(req: Request, { params }: { params: { shortId: string; }; }) => Promise<NextResponse<{ error: string; }> | NextResponse<{ success: boolean; data: any; }>>' is not assignable to type '(request: NextRequest, context: { params: Promise<{ shortId: string; }>; }) => void | Response | Promise<void | Response>'.
      Types of parameters '__1' and 'context' are incompatible.
        Type '{ params: Promise<{ shortId: string; }>; }' is not assignable to type '{ params: { shortId: string; }; }'.
          Types of property 'params' are incompatible.
            Property 'shortId' is missing in type 'Promise<{ shortId: string; }>' but required in type '{ shortId: string; }'.
